[    2446ms] [WARNING] Invalid color passed for widgetBackgroundColor in theme.sidebar: "" @ http://localhost:8501/static/js/index.DSTThs-t.js:49
[    2446ms] [WARNING] Invalid color passed for widgetBorderColor in theme.sidebar: "" @ http://localhost:8501/static/js/index.DSTThs-t.js:49
[    2446ms] [WARNING] Invalid color passed for skeletonBackgroundColor in theme.sidebar: "" @ http://localhost:8501/static/js/index.DSTThs-t.js:49
[    2482ms] [WARNING] Invalid color passed for widgetBackgroundColor in theme.sidebar: "" @ http://localhost:8501/static/js/index.DSTThs-t.js:49
[    2484ms] [WARNING] Invalid color passed for widgetBorderColor in theme.sidebar: "" @ http://localhost:8501/static/js/index.DSTThs-t.js:49
[    2484ms] [WARNING] Invalid color passed for skeletonBackgroundColor in theme.sidebar: "" @ http://localhost:8501/static/js/index.DSTThs-t.js:49
[    2518ms] [WARNING] Invalid color passed for widgetBackgroundColor in theme.sidebar: "" @ http://localhost:8501/static/js/index.DSTThs-t.js:49
[    2518ms] [WARNING] Invalid color passed for widgetBorderColor in theme.sidebar: "" @ http://localhost:8501/static/js/index.DSTThs-t.js:49
[    2518ms] [WARNING] Invalid color passed for skeletonBackgroundColor in theme.sidebar: "" @ http://localhost:8501/static/js/index.DSTThs-t.js:49
[    2541ms] [WARNING] Invalid color passed for widgetBackgroundColor in theme.sidebar: "" @ http://localhost:8501/static/js/index.DSTThs-t.js:49
[    2541ms] [WARNING] Invalid color passed for widgetBorderColor in theme.sidebar: "" @ http://localhost:8501/static/js/index.DSTThs-t.js:49
[    2541ms] [WARNING] Invalid color passed for skeletonBackgroundColor in theme.sidebar: "" @ http://localhost:8501/static/js/index.DSTThs-t.js:49
[    2585ms] [WARNING] Invalid color passed for widgetBackgroundColor in theme.sidebar: "" @ http://localhost:8501/static/js/index.DSTThs-t.js:49
[    2585ms] [WARNING] Invalid color passed for widgetBorderColor in theme.sidebar: "" @ http://localhost:8501/static/js/index.DSTThs-t.js:49
[    2585ms] [WARNING] Invalid color passed for skeletonBackgroundColor in theme.sidebar: "" @ http://localhost:8501/static/js/index.DSTThs-t.js:49
[    2640ms] [WARNING] Invalid color passed for widgetBackgroundColor in theme.sidebar: "" @ http://localhost:8501/static/js/index.DSTThs-t.js:49
[    2640ms] [WARNING] Invalid color passed for widgetBorderColor in theme.sidebar: "" @ http://localhost:8501/static/js/index.DSTThs-t.js:49
[    2640ms] [WARNING] Invalid color passed for skeletonBackgroundColor in theme.sidebar: "" @ http://localhost:8501/static/js/index.DSTThs-t.js:49
[   43682ms] [WARNING] Invalid color passed for widgetBackgroundColor in theme.sidebar: "" @ http://localhost:8501/static/js/index.DSTThs-t.js:49
[   43682ms] [WARNING] Invalid color passed for widgetBorderColor in theme.sidebar: "" @ http://localhost:8501/static/js/index.DSTThs-t.js:49
[   43682ms] [WARNING] Invalid color passed for skeletonBackgroundColor in theme.sidebar: "" @ http://localhost:8501/static/js/index.DSTThs-t.js:49
[   43750ms] [WARNING] Invalid color passed for widgetBackgroundColor in theme.sidebar: "" @ http://localhost:8501/static/js/index.DSTThs-t.js:49
[   43750ms] [WARNING] Invalid color passed for widgetBorderColor in theme.sidebar: "" @ http://localhost:8501/static/js/index.DSTThs-t.js:49
[   43750ms] [WARNING] Invalid color passed for skeletonBackgroundColor in theme.sidebar: "" @ http://localhost:8501/static/js/index.DSTThs-t.js:49
[   43770ms] [WARNING] Invalid color passed for widgetBackgroundColor in theme.sidebar: "" @ http://localhost:8501/static/js/index.DSTThs-t.js:49
[   43770ms] [WARNING] Invalid color passed for widgetBorderColor in theme.sidebar: "" @ http://localhost:8501/static/js/index.DSTThs-t.js:49
[   43770ms] [WARNING] Invalid color passed for skeletonBackgroundColor in theme.sidebar: "" @ http://localhost:8501/static/js/index.DSTThs-t.js:49
[   43788ms] [WARNING] Invalid color passed for widgetBackgroundColor in theme.sidebar: "" @ http://localhost:8501/static/js/index.DSTThs-t.js:49
[   43789ms] [WARNING] Invalid color passed for widgetBorderColor in theme.sidebar: "" @ http://localhost:8501/static/js/index.DSTThs-t.js:49
[   43789ms] [WARNING] Invalid color passed for skeletonBackgroundColor in theme.sidebar: "" @ http://localhost:8501/static/js/index.DSTThs-t.js:49
[   50545ms] [WARNING] Invalid color passed for widgetBackgroundColor in theme.sidebar: "" @ http://localhost:8501/static/js/index.DSTThs-t.js:49
[   50545ms] [WARNING] Invalid color passed for widgetBorderColor in theme.sidebar: "" @ http://localhost:8501/static/js/index.DSTThs-t.js:49
[   50545ms] [WARNING] Invalid color passed for skeletonBackgroundColor in theme.sidebar: "" @ http://localhost:8501/static/js/index.DSTThs-t.js:49
[   50563ms] [WARNING] Invalid color passed for widgetBackgroundColor in theme.sidebar: "" @ http://localhost:8501/static/js/index.DSTThs-t.js:49
[   50563ms] [WARNING] Invalid color passed for widgetBorderColor in theme.sidebar: "" @ http://localhost:8501/static/js/index.DSTThs-t.js:49
[   50563ms] [WARNING] Invalid color passed for skeletonBackgroundColor in theme.sidebar: "" @ http://localhost:8501/static/js/index.DSTThs-t.js:49
[   50581ms] [WARNING] Invalid color passed for widgetBackgroundColor in theme.sidebar: "" @ http://localhost:8501/static/js/index.DSTThs-t.js:49
[   50581ms] [WARNING] Invalid color passed for widgetBorderColor in theme.sidebar: "" @ http://localhost:8501/static/js/index.DSTThs-t.js:49
[   50581ms] [WARNING] Invalid color passed for skeletonBackgroundColor in theme.sidebar: "" @ http://localhost:8501/static/js/index.DSTThs-t.js:49
[   50608ms] [WARNING] Invalid color passed for widgetBackgroundColor in theme.sidebar: "" @ http://localhost:8501/static/js/index.DSTThs-t.js:49
[   50608ms] [WARNING] Invalid color passed for widgetBorderColor in theme.sidebar: "" @ http://localhost:8501/static/js/index.DSTThs-t.js:49
[   50608ms] [WARNING] Invalid color passed for skeletonBackgroundColor in theme.sidebar: "" @ http://localhost:8501/static/js/index.DSTThs-t.js:49
[   50644ms] [WARNING] Invalid color passed for widgetBackgroundColor in theme.sidebar: "" @ http://localhost:8501/static/js/index.DSTThs-t.js:49
[   50644ms] [WARNING] Invalid color passed for widgetBorderColor in theme.sidebar: "" @ http://localhost:8501/static/js/index.DSTThs-t.js:49
[   50645ms] [WARNING] Invalid color passed for skeletonBackgroundColor in theme.sidebar: "" @ http://localhost:8501/static/js/index.DSTThs-t.js:49
[   52571ms] [WARNING] Invalid color passed for widgetBackgroundColor in theme.sidebar: "" @ http://localhost:8501/static/js/index.DSTThs-t.js:49
[   52571ms] [WARNING] Invalid color passed for widgetBorderColor in theme.sidebar: "" @ http://localhost:8501/static/js/index.DSTThs-t.js:49
[   52571ms] [WARNING] Invalid color passed for skeletonBackgroundColor in theme.sidebar: "" @ http://localhost:8501/static/js/index.DSTThs-t.js:49
[   52593ms] [WARNING] Invalid color passed for widgetBackgroundColor in theme.sidebar: "" @ http://localhost:8501/static/js/index.DSTThs-t.js:49
[   52593ms] [WARNING] Invalid color passed for widgetBorderColor in theme.sidebar: "" @ http://localhost:8501/static/js/index.DSTThs-t.js:49
[   52593ms] [WARNING] Invalid color passed for skeletonBackgroundColor in theme.sidebar: "" @ http://localhost:8501/static/js/index.DSTThs-t.js:49
[   52683ms] [WARNING] Invalid color passed for widgetBackgroundColor in theme.sidebar: "" @ http://localhost:8501/static/js/index.DSTThs-t.js:49
[   52683ms] [WARNING] Invalid color passed for widgetBorderColor in theme.sidebar: "" @ http://localhost:8501/static/js/index.DSTThs-t.js:49
[   52683ms] [WARNING] Invalid color passed for skeletonBackgroundColor in theme.sidebar: "" @ http://localhost:8501/static/js/index.DSTThs-t.js:49
[   52710ms] [WARNING] Invalid color passed for widgetBackgroundColor in theme.sidebar: "" @ http://localhost:8501/static/js/index.DSTThs-t.js:49
[   52710ms] [WARNING] Invalid color passed for widgetBorderColor in theme.sidebar: "" @ http://localhost:8501/static/js/index.DSTThs-t.js:49
[   52711ms] [WARNING] Invalid color passed for skeletonBackgroundColor in theme.sidebar: "" @ http://localhost:8501/static/js/index.DSTThs-t.js:49
[   52735ms] [WARNING] Invalid color passed for widgetBackgroundColor in theme.sidebar: "" @ http://localhost:8501/static/js/index.DSTThs-t.js:49
[   52735ms] [WARNING] Invalid color passed for widgetBorderColor in theme.sidebar: "" @ http://localhost:8501/static/js/index.DSTThs-t.js:49
[   52735ms] [WARNING] Invalid color passed for skeletonBackgroundColor in theme.sidebar: "" @ http://localhost:8501/static/js/index.DSTThs-t.js:49
[   52779ms] [WARNING] Invalid color passed for widgetBackgroundColor in theme.sidebar: "" @ http://localhost:8501/static/js/index.DSTThs-t.js:49
[   52779ms] [WARNING] Invalid color passed for widgetBorderColor in theme.sidebar: "" @ http://localhost:8501/static/js/index.DSTThs-t.js:49
[   52779ms] [WARNING] Invalid color passed for skeletonBackgroundColor in theme.sidebar: "" @ http://localhost:8501/static/js/index.DSTThs-t.js:49
[   52799ms] [WARNING] Invalid color passed for widgetBackgroundColor in theme.sidebar: "" @ http://localhost:8501/static/js/index.DSTThs-t.js:49
[   52799ms] [WARNING] Invalid color passed for widgetBorderColor in theme.sidebar: "" @ http://localhost:8501/static/js/index.DSTThs-t.js:49
[   52799ms] [WARNING] Invalid color passed for skeletonBackgroundColor in theme.sidebar: "" @ http://localhost:8501/static/js/index.DSTThs-t.js:49
[   52831ms] [WARNING] Invalid color passed for widgetBackgroundColor in theme.sidebar: "" @ http://localhost:8501/static/js/index.DSTThs-t.js:49
[   52831ms] [WARNING] Invalid color passed for widgetBorderColor in theme.sidebar: "" @ http://localhost:8501/static/js/index.DSTThs-t.js:49
[   52832ms] [WARNING] Invalid color passed for skeletonBackgroundColor in theme.sidebar: "" @ http://localhost:8501/static/js/index.DSTThs-t.js:49
