[    2124ms] [WARNING] Invalid color passed for widgetBackgroundColor in theme.sidebar: "" @ http://localhost:8502/static/js/index.DSTThs-t.js:49
[    2125ms] [WARNING] Invalid color passed for widgetBorderColor in theme.sidebar: "" @ http://localhost:8502/static/js/index.DSTThs-t.js:49
[    2125ms] [WARNING] Invalid color passed for skeletonBackgroundColor in theme.sidebar: "" @ http://localhost:8502/static/js/index.DSTThs-t.js:49
[    2154ms] [WARNING] Invalid color passed for widgetBackgroundColor in theme.sidebar: "" @ http://localhost:8502/static/js/index.DSTThs-t.js:49
[    2154ms] [WARNING] Invalid color passed for widgetBorderColor in theme.sidebar: "" @ http://localhost:8502/static/js/index.DSTThs-t.js:49
[    2154ms] [WARNING] Invalid color passed for skeletonBackgroundColor in theme.sidebar: "" @ http://localhost:8502/static/js/index.DSTThs-t.js:49
[    2167ms] [WARNING] Invalid color passed for widgetBackgroundColor in theme.sidebar: "" @ http://localhost:8502/static/js/index.DSTThs-t.js:49
[    2167ms] [WARNING] Invalid color passed for widgetBorderColor in theme.sidebar: "" @ http://localhost:8502/static/js/index.DSTThs-t.js:49
[    2168ms] [WARNING] Invalid color passed for skeletonBackgroundColor in theme.sidebar: "" @ http://localhost:8502/static/js/index.DSTThs-t.js:49
[    2213ms] [WARNING] Invalid color passed for widgetBackgroundColor in theme.sidebar: "" @ http://localhost:8502/static/js/index.DSTThs-t.js:49
[    2213ms] [WARNING] Invalid color passed for widgetBorderColor in theme.sidebar: "" @ http://localhost:8502/static/js/index.DSTThs-t.js:49
[    2213ms] [WARNING] Invalid color passed for skeletonBackgroundColor in theme.sidebar: "" @ http://localhost:8502/static/js/index.DSTThs-t.js:49
[    2222ms] [WARNING] Invalid color passed for widgetBackgroundColor in theme.sidebar: "" @ http://localhost:8502/static/js/index.DSTThs-t.js:49
[    2222ms] [WARNING] Invalid color passed for widgetBorderColor in theme.sidebar: "" @ http://localhost:8502/static/js/index.DSTThs-t.js:49
[    2222ms] [WARNING] Invalid color passed for skeletonBackgroundColor in theme.sidebar: "" @ http://localhost:8502/static/js/index.DSTThs-t.js:49
[    2242ms] [WARNING] Invalid color passed for widgetBackgroundColor in theme.sidebar: "" @ http://localhost:8502/static/js/index.DSTThs-t.js:49
[    2242ms] [WARNING] Invalid color passed for widgetBorderColor in theme.sidebar: "" @ http://localhost:8502/static/js/index.DSTThs-t.js:49
[    2242ms] [WARNING] Invalid color passed for skeletonBackgroundColor in theme.sidebar: "" @ http://localhost:8502/static/js/index.DSTThs-t.js:49
[   30275ms] [WARNING] Invalid color passed for widgetBackgroundColor in theme.sidebar: "" @ http://localhost:8502/static/js/index.DSTThs-t.js:49
[   30275ms] [WARNING] Invalid color passed for widgetBorderColor in theme.sidebar: "" @ http://localhost:8502/static/js/index.DSTThs-t.js:49
[   30275ms] [WARNING] Invalid color passed for skeletonBackgroundColor in theme.sidebar: "" @ http://localhost:8502/static/js/index.DSTThs-t.js:49
[   30373ms] [WARNING] Invalid color passed for widgetBackgroundColor in theme.sidebar: "" @ http://localhost:8502/static/js/index.DSTThs-t.js:49
[   30373ms] [WARNING] Invalid color passed for widgetBorderColor in theme.sidebar: "" @ http://localhost:8502/static/js/index.DSTThs-t.js:49
[   30373ms] [WARNING] Invalid color passed for skeletonBackgroundColor in theme.sidebar: "" @ http://localhost:8502/static/js/index.DSTThs-t.js:49
[   30416ms] [WARNING] Invalid color passed for widgetBackgroundColor in theme.sidebar: "" @ http://localhost:8502/static/js/index.DSTThs-t.js:49
[   30416ms] [WARNING] Invalid color passed for widgetBorderColor in theme.sidebar: "" @ http://localhost:8502/static/js/index.DSTThs-t.js:49
[   30416ms] [WARNING] Invalid color passed for skeletonBackgroundColor in theme.sidebar: "" @ http://localhost:8502/static/js/index.DSTThs-t.js:49
[   30445ms] [WARNING] Invalid color passed for widgetBackgroundColor in theme.sidebar: "" @ http://localhost:8502/static/js/index.DSTThs-t.js:49
[   30445ms] [WARNING] Invalid color passed for widgetBorderColor in theme.sidebar: "" @ http://localhost:8502/static/js/index.DSTThs-t.js:49
[   30445ms] [WARNING] Invalid color passed for skeletonBackgroundColor in theme.sidebar: "" @ http://localhost:8502/static/js/index.DSTThs-t.js:49
[   30476ms] [WARNING] Invalid color passed for widgetBackgroundColor in theme.sidebar: "" @ http://localhost:8502/static/js/index.DSTThs-t.js:49
[   30476ms] [WARNING] Invalid color passed for widgetBorderColor in theme.sidebar: "" @ http://localhost:8502/static/js/index.DSTThs-t.js:49
[   30476ms] [WARNING] Invalid color passed for skeletonBackgroundColor in theme.sidebar: "" @ http://localhost:8502/static/js/index.DSTThs-t.js:49
[   30513ms] [WARNING] Invalid color passed for widgetBackgroundColor in theme.sidebar: "" @ http://localhost:8502/static/js/index.DSTThs-t.js:49
[   30513ms] [WARNING] Invalid color passed for widgetBorderColor in theme.sidebar: "" @ http://localhost:8502/static/js/index.DSTThs-t.js:49
[   30514ms] [WARNING] Invalid color passed for skeletonBackgroundColor in theme.sidebar: "" @ http://localhost:8502/static/js/index.DSTThs-t.js:49
[39044733ms] [WARNING] Invalid color passed for widgetBackgroundColor in theme.sidebar: "" @ http://localhost:8502/static/js/index.DSTThs-t.js:49
[39044733ms] [WARNING] Invalid color passed for widgetBorderColor in theme.sidebar: "" @ http://localhost:8502/static/js/index.DSTThs-t.js:49
[39044734ms] [WARNING] Invalid color passed for skeletonBackgroundColor in theme.sidebar: "" @ http://localhost:8502/static/js/index.DSTThs-t.js:49
